test1
test2
22
hah
